// Jest Snapshot v1, https://goo.gl/fbAQLP

exports[`Header component Should render correctly 1`] = `
<header
  className="Header"
>
  <div
    className="selectors"
  />
  <div
    className="logo-block"
  >
    <a
      className="logo"
      href=""
      onClick={[Function]}
    >
      <img
        alt="Nexus"
        src="/mock/path"
        style={
          Object {
            "height": "2em",
            "width": "2em",
          }
        }
      />
      <h1>
        Nexus
      </h1>
    </a>
  </div>
  <div
    className="menu-block"
  >
    <a
      className="nav-item"
      href=""
      key="admin-link"
      onClick={[Function]}
    >
      Admin
    </a>
    <a
      className="nav-item"
      href="nexus/studio"
      key="studio-link"
    >
      Studio
    </a>
    <Popover
      content={
        <InformationContent
          githubIssueURL=""
          serviceVersions={
            Object {
              "admin": "1.0",
              "blazegraph": "1.0",
              "elasticsearch": "1.0",
              "iam": "1.0",
              "kg": "1.0",
              "nexus": "1.0",
              "storage": "asda",
            }
          }
          version=""
        />
      }
      mouseEnterDelay={0.1}
      mouseLeaveDelay={0.1}
      overlayStyle={Object {}}
      placement="bottomRight"
      title="Information"
      transitionName="zoom-big"
      trigger="click"
    >
      <Button
        block={false}
        className="ui-header-info-button"
        ghost={false}
        htmlType="button"
        icon="info-circle"
        loading={false}
        size="small"
      />
    </Popover>
    <Dropdown
      mouseEnterDelay={0.15}
      mouseLeaveDelay={0.1}
      overlay={
        <Menu>
          <MenuItem>
            <p>
              A p tag
            </p>
          </MenuItem>
          <MenuItem>
            <a
              href="/somepage"
            >
              A link to some page
            </a>
          </MenuItem>
        </Menu>
      }
      placement="bottomLeft"
    >
      <a
        className="menu-dropdown ant-dropdown-link"
      >
        Mark Hamill
         
        <Icon
          type="down"
        />
      </a>
    </Dropdown>
  </div>
</header>
`;
