// Jest Snapshot v1, https://goo.gl/fbAQLP

exports[`queryFactory() fetchQuery() it calls es client search function with params index, type, and doc 1`] = `
Object {
  "body": Object {},
  "from": null,
  "index": "my_index",
  "size": null,
  "type": "doc",
}
`;
